[15:04:13] [INIT] KubeJS 2001.6.5-build.16; MC 2001 forge
[15:04:13] [INIT] Loaded plugins:
[15:04:13] [INIT] - dev.latvian.mods.kubejs.forge.BuiltinKubeJSForgePlugin
[15:04:13] [INIT] - dev.latvian.mods.kubejs.forge.BuiltinKubeJSForgeClientPlugin
[15:04:13] [INIT] - com.lowdragmc.lowdraglib.kjs.LDLibKubeJSPlugin
[15:04:13] [INIT] - dev.ftb.mods.ftbxmodcompat.ftbquests.kubejs.KubeJSIntegration
[15:04:13] [INIT] - dev.ftb.mods.ftbxmodcompat.ftbchunks.kubejs.FTBChunksKubeJSPlugin
[15:04:13] [INIT] - dev.ftb.mods.ftbxmodcompat.ftbteams.kubejs.FTBTeamsKubeJSPlugin
[15:04:13] [INIT] - com.probejs.ProbeJSPlugin
[15:04:13] [INIT] - com.gregtechceu.gtceu.integration.kjs.GregTechKubeJSPlugin
[15:04:14] [INFO] example.js#5: Hello, World! (Loaded server scripts)
[15:04:14] [INFO] Loaded script server_scripts:example.js in 0.002 s
[15:04:14] [INFO] Loaded 1/1 KubeJS server scripts in 0.008 s with 0 errors and 0 warnings
[15:04:14] [INFO] Scripts loaded
[15:04:14] [INFO] Initializing recipe event...
[15:04:16] [INFO] Processing recipes...
[15:04:17] [INFO] Found 50784 recipes in 702.1 ms
[15:04:17] [INFO] Posted recipe events in 19.69 ms
[15:04:17] [WARN] Error parsing recipe gtceu:large_chemical_reactor/test13[gtceu:large_chemical_reactor]: {"type":"gtceu:large_chemical_reactor","inputs":{"fluid":[{"content":{"amount":1000,"value":[{"fluid":"gtceu:osmium_tetroxide"}]},"chance":10000,"maxChance":10000,"tierChanceBoost":0},{"content":{"amount":6000,"value":[{"fluid":"gtceu:hydrochloric_acid"}]},"chance":10000,"maxChance":10000,"tierChanceBoost":0}]},"outputs":{"item":[{"content":{"type":"gtceu:sized","count":1,"ingredient":{"item":"gtceu:osmium_dust"}},"chance":10000,"maxChance":10000,"tierChanceBoost":0}],"fluid":[{"content":{"amount":36000,"value":[{"fluid":"gtceu:chlorine"}]},"chance":10000,"maxChance":10000,"tierChanceBoost":0},{"content":{"amount":2000,"value":[{"fluid":"minecraft:water"}]},"chance":10000,"maxChance":10000,"tierChanceBoost":0}]}}: No key duration in MapLike[{"type":"gtceu:large_chemical_reactor","inputs":{"fluid":[{"content":{"amount":1000,"value":[{"fluid":"gtceu:osmium_tetroxide"}]},"chance":10000,"maxChance":10000,"tierChanceBoost":0},{"content":{"amount":6000,"value":[{"fluid":"gtceu:hydrochloric_acid"}]},"chance":10000,"maxChance":10000,"tierChanceBoost":0}]},"outputs":{"item":[{"content":{"type":"gtceu:sized","count":1,"ingredient":{"item":"gtceu:osmium_dust"}},"chance":10000,"maxChance":10000,"tierChanceBoost":0}],"fluid":[{"content":{"amount":36000,"value":[{"fluid":"gtceu:chlorine"}]},"chance":10000,"maxChance":10000,"tierChanceBoost":0},{"content":{"amount":2000,"value":[{"fluid":"minecraft:water"}]},"chance":10000,"maxChance":10000,"tierChanceBoost":0}]}}]
[15:04:18] [INFO] Added 23 recipes, removed 61 recipes, modified 3 recipes, with 1 failed recipes in 752.7 ms
[15:04:19] [INFO] Server resource reload complete!
