[11:59:38] [modloading-worker-0/INFO] ========================================
[11:59:38] [modloading-worker-0/INFO] Minecraft: 1.20.1
[11:59:38] [modloading-worker-0/INFO] Side: client
[11:59:38] [modloading-worker-0/INFO] Development: false
[11:59:38] [modloading-worker-0/INFO] Version: 12.1.785
[11:59:38] [modloading-worker-0/INFO] Loader:
[11:59:38] [modloading-worker-0/INFO] - Forge: 47.3.10
[11:59:38] [modloading-worker-0/INFO] Dependencies:
[11:59:38] [modloading-worker-0/INFO] - Cloth Config: 11.1.118
[11:59:38] [modloading-worker-0/INFO] - Architectury: 9.2.14
[11:59:38] [modloading-worker-0/INFO] Mixin: 0.8.5
[11:59:38] [modloading-worker-0/INFO] OS: Windows 11 10.0 (amd64)
[11:59:38] [modloading-worker-0/INFO] Java: 17.0.15 (Microsoft)
[11:59:38] [modloading-worker-0/INFO] ========================================
[11:59:38] [modloading-worker-0/INFO] Mods:
[11:59:38] [modloading-worker-0/INFO] - ae2: 15.4.7
[11:59:38] [modloading-worker-0/INFO] - alternate_current: 1.7.0
[11:59:38] [modloading-worker-0/INFO] - appleskin: 2.5.1+mc1.20.1
[11:59:38] [modloading-worker-0/INFO] - appmek: 1.4.2
[11:59:38] [modloading-worker-0/INFO] - architects_palette: 1.3.6.1
[11:59:38] [modloading-worker-0/INFO] - architectury: 9.2.14
[11:59:38] [modloading-worker-0/INFO] - assemblyline: 1.20.1-0.6.1-1
[11:59:38] [modloading-worker-0/INFO] - attributefix: 21.0.4
[11:59:38] [modloading-worker-0/INFO] - badpackets: 0.4.3
[11:59:38] [modloading-worker-0/INFO] - ballistix: 1.20.1-0.7.4-2
[11:59:38] [modloading-worker-0/INFO] - balm: 7.3.6
[11:59:38] [modloading-worker-0/INFO] - bettertags: 1.20.1-1.1
[11:59:38] [modloading-worker-0/INFO] - bfr: 1.4.5
[11:59:38] [modloading-worker-0/INFO] - blastcraft: 1.20.1-0.4.1-0
[11:59:38] [modloading-worker-0/INFO] - bookshelf: 20.2.13
[11:59:38] [modloading-worker-0/INFO] - botarium: 2.3.4
[11:59:38] [modloading-worker-0/INFO] - buildinggadgets2: 1.0.7
[11:59:38] [modloading-worker-0/INFO] - cb_microblock: 3.3.0.146
[11:59:38] [modloading-worker-0/INFO] - cb_multipart: 3.3.0.146
[11:59:38] [modloading-worker-0/INFO] - cb_multipart_minecraft: 3.3.0.146
[11:59:38] [modloading-worker-0/INFO] - clienttweaks: 11.1.0
[11:59:38] [modloading-worker-0/INFO] - cloth_config: 11.1.118
[11:59:38] [modloading-worker-0/INFO] - clumps: 12.0.0.4
[11:59:38] [modloading-worker-0/INFO] - codechickenlib: 4.4.0.516
[11:59:38] [modloading-worker-0/INFO] - commoncapabilities: 2.9.7
[11:59:38] [modloading-worker-0/INFO] - configuration: 2.2.1
[11:59:38] [modloading-worker-0/INFO] - controlling: 12.0.2
[11:59:38] [modloading-worker-0/INFO] - craftingstation: 1.20.1-1.2
[11:59:38] [modloading-worker-0/INFO] - craftingtweaks: 18.2.4
[11:59:38] [modloading-worker-0/INFO] - create: 0.5.1.f
[11:59:38] [modloading-worker-0/INFO] - createaddition: 1.20.1-1.2.4e
[11:59:38] [modloading-worker-0/INFO] - curios: 5.9.1+1.20.1
[11:59:38] [modloading-worker-0/INFO] - cyclopscore: 1.20.1
[11:59:38] [modloading-worker-0/INFO] - defaultoptions: 18.0.1
[11:59:38] [modloading-worker-0/INFO] - dynamicelectricity: 1.20.1-1.1.1-1
[11:59:38] [modloading-worker-0/INFO] - electrodynamics: 1.20.1-0.9.2-7
[11:59:38] [modloading-worker-0/INFO] - elevatorid: 1.20.1-lex-1.9
[11:59:38] [modloading-worker-0/INFO] - expatternprovider: 1.20-1.4.3-forge
[11:59:38] [modloading-worker-0/INFO] - fastleafdecay: 32
[11:59:38] [modloading-worker-0/INFO] - fastload: 3.4.0
[11:59:38] [modloading-worker-0/INFO] - fastsuite: 5.0.1
[11:59:38] [modloading-worker-0/INFO] - ferritecore: 6.0.1
[11:59:38] [modloading-worker-0/INFO] - findme: 3.2.1
[11:59:38] [modloading-worker-0/INFO] - flywheel: 0.6.10-7
[11:59:38] [modloading-worker-0/INFO] - forge: 47.3.10
[11:59:38] [modloading-worker-0/INFO] - framedblocks: 9.3.1
[11:59:38] [modloading-worker-0/INFO] - ftbbackups2: 1.0.23
[11:59:38] [modloading-worker-0/INFO] - ftbchunks: 2001.3.6
[11:59:38] [modloading-worker-0/INFO] - ftbessentials: 2001.2.3
[11:59:38] [modloading-worker-0/INFO] - ftblibrary: 2001.2.10
[11:59:38] [modloading-worker-0/INFO] - ftbquests: 2001.4.14
[11:59:38] [modloading-worker-0/INFO] - ftbteams: 2001.3.1
[11:59:38] [modloading-worker-0/INFO] - ftbxmodcompat: 2.1.3
[11:59:38] [modloading-worker-0/INFO] - glodium: 1.20-1.5-forge
[11:59:38] [modloading-worker-0/INFO] - gregfluxology: 0.0.1
[11:59:38] [modloading-worker-0/INFO] - gtceu: 1.6.4
[11:59:38] [modloading-worker-0/INFO] - gtnn: 1.1.12
[11:59:38] [modloading-worker-0/INFO] - guideme: 20.1.11
[11:59:38] [modloading-worker-0/INFO] - hangglider: 8.0.1
[11:59:38] [modloading-worker-0/INFO] - iceberg: 1.1.25
[11:59:38] [modloading-worker-0/INFO] - igleelib: 1.2.5
[11:59:38] [modloading-worker-0/INFO] - integratedcrafting: 1.2.3
[11:59:38] [modloading-worker-0/INFO] - integrateddynamics: 1.27.6
[11:59:38] [modloading-worker-0/INFO] - integrateddynamicscompat: 1.27.6
[11:59:38] [modloading-worker-0/INFO] - integratedrest: 1.1.11
[11:59:38] [modloading-worker-0/INFO] - integratedscripting: 1.0.14
[11:59:38] [modloading-worker-0/INFO] - integratedterminals: 1.6.9
[11:59:38] [modloading-worker-0/INFO] - integratedterminalscompat: 1.6.9
[11:59:38] [modloading-worker-0/INFO] - integratedtunnels: 1.8.42
[11:59:38] [modloading-worker-0/INFO] - integratedtunnelscompat: 1.8.42
[11:59:38] [modloading-worker-0/INFO] - inventoryessentials: 8.2.6
[11:59:38] [modloading-worker-0/INFO] - inventoryprofilesnext: 1.10.10
[11:59:38] [modloading-worker-0/INFO] - itemfilters: 2001.1.0-build.59
[11:59:38] [modloading-worker-0/INFO] - jade: 11.13.1+forge
[11:59:38] [modloading-worker-0/INFO] - javd: 5.0.1+mc1.20.1
[11:59:38] [modloading-worker-0/INFO] - jei: 15.9999
[11:59:38] [modloading-worker-0/INFO] - jeresources: 1.4.0.247
[11:59:38] [modloading-worker-0/INFO] - kotlinforforge: 4.11.0
[11:59:38] [modloading-worker-0/INFO] - kubejs: 2001.6.5-build.16
[11:59:38] [modloading-worker-0/INFO] - kuma_api: 20.1.8
[11:59:38] [modloading-worker-0/INFO] - ldlib: 1.0.39
[11:59:38] [modloading-worker-0/INFO] - libipn: 4.0.2
[11:59:38] [modloading-worker-0/INFO] - libx: 1.20.1-5.0.14
[11:59:38] [modloading-worker-0/INFO] - mae2: 1.6.1
[11:59:38] [modloading-worker-0/INFO] - mcjtylib: 1.20-8.0.7
[11:59:38] [modloading-worker-0/INFO] - mcwbridges: 3.1.0
[11:59:38] [modloading-worker-0/INFO] - mcwdoors: 1.1.2
[11:59:38] [modloading-worker-0/INFO] - mcwfences: 1.2.0
[11:59:38] [modloading-worker-0/INFO] - mcwfurnitures: 3.3.0
[11:59:38] [modloading-worker-0/INFO] - mcwholidays: 1.1.0
[11:59:38] [modloading-worker-0/INFO] - mcwlights: 1.1.2
[11:59:38] [modloading-worker-0/INFO] - mcwpaintings: 1.0.5
[11:59:38] [modloading-worker-0/INFO] - mcwpaths: 1.1.0
[11:59:38] [modloading-worker-0/INFO] - mcwroofs: 2.3.2
[11:59:38] [modloading-worker-0/INFO] - mcwstairs: 1.0.1
[11:59:38] [modloading-worker-0/INFO] - mcwtrpdoors: 1.1.4
[11:59:38] [modloading-worker-0/INFO] - mcwwindows: 2.4.0
[11:59:38] [modloading-worker-0/INFO] - mekanism: 10.4.16
[11:59:38] [modloading-worker-0/INFO] - mekanismgenerators: 10.4.16
[11:59:38] [modloading-worker-0/INFO] - mekanismtools: 10.4.16
[11:59:38] [modloading-worker-0/INFO] - minecraft: 1.20.1
[11:59:38] [modloading-worker-0/INFO] - mixinextras: 0.4.1
[11:59:38] [modloading-worker-0/INFO] - modelfix: 1.15
[11:59:38] [modloading-worker-0/INFO] - modernfix: 5.24.4+mc1.20.1
[11:59:38] [modloading-worker-0/INFO] - modnametooltip: 1.20.0
[11:59:38] [modloading-worker-0/INFO] - modularforcefields: 1.20.1-0.2.1-1
[11:59:38] [modloading-worker-0/INFO] - monomorphism: 1.0.10
[11:59:38] [modloading-worker-0/INFO] - mousetweaks: 2.25.1
[11:59:38] [modloading-worker-0/INFO] - mtr: 4.0.0
[11:59:38] [modloading-worker-0/INFO] - nochatreports: 1.20.1-v2.2.2
[11:59:38] [modloading-worker-0/INFO] - nuclearscience: 1.20.1-0.6.2-7
[11:59:38] [modloading-worker-0/INFO] - placebo: 8.6.2
[11:59:38] [modloading-worker-0/INFO] - polylib: 2000.0.3-build.143
[11:59:38] [modloading-worker-0/INFO] - polymorph: 0.49.5+1.20.1
[11:59:38] [modloading-worker-0/INFO] - probejs: 6.0.1
[11:59:38] [modloading-worker-0/INFO] - projectred_core: 4.21.0
[11:59:38] [modloading-worker-0/INFO] - projectred_expansion: 4.21.0
[11:59:38] [modloading-worker-0/INFO] - projectred_exploration: 4.21.0
[11:59:38] [modloading-worker-0/INFO] - projectred_fabrication: 4.21.0
[11:59:38] [modloading-worker-0/INFO] - projectred_illumination: 4.21.0
[11:59:38] [modloading-worker-0/INFO] - projectred_integration: 4.21.0
[11:59:38] [modloading-worker-0/INFO] - projectred_transmission: 4.21.0
[11:59:38] [modloading-worker-0/INFO] - puzzlesaccessapi: 8.0.7
[11:59:38] [modloading-worker-0/INFO] - puzzleslib: 8.1.21
[11:59:38] [modloading-worker-0/INFO] - rei_plugin_compatibilities: 12.0.93
[11:59:38] [modloading-worker-0/INFO] - resourcefulconfig: 2.1.2
[11:59:38] [modloading-worker-0/INFO] - resourcefullib: 2.1.28
[11:59:38] [modloading-worker-0/INFO] - rftoolsbase: 1.20-5.0.6
[11:59:38] [modloading-worker-0/INFO] - rftoolsbuilder: 1.20-6.0.8
[11:59:38] [modloading-worker-0/INFO] - rftoolscontrol: 1.20-7.0.3
[11:59:38] [modloading-worker-0/INFO] - rftoolspower: 1.20-6.0.2
[11:59:38] [modloading-worker-0/INFO] - rftoolsstorage: 1.20-5.0.3
[11:59:38] [modloading-worker-0/INFO] - rftoolsutility: 1.20-6.0.6
[11:59:38] [modloading-worker-0/INFO] - rhino: 2001.2.2-build.18
[11:59:38] [modloading-worker-0/INFO] - roughlyenoughitems: 12.1.785
[11:59:38] [modloading-worker-0/INFO] - searchables: 1.0.3
[11:59:38] [modloading-worker-0/INFO] - shimmer: 1.20.1-0.2.4
[11:59:38] [modloading-worker-0/INFO] - smoothboot: 0.0.4
[11:59:38] [modloading-worker-0/INFO] - sophisticatedbackpacks: 3.20.5.1044
[11:59:38] [modloading-worker-0/INFO] - sophisticatedcore: 0.6.22.611
[11:59:38] [modloading-worker-0/INFO] - spectrelib: 0.13.15+1.20.1
[11:59:38] [modloading-worker-0/INFO] - starlight: 1.1.2+forge.1cda73c
[11:59:38] [modloading-worker-0/INFO] - storagedrawers: 12.11.2
[11:59:38] [modloading-worker-0/INFO] - toastcontrol: 8.0.3
[11:59:38] [modloading-worker-0/INFO] - toolbelt: 1.20.02
[11:59:38] [modloading-worker-0/INFO] - torchmaster: 20.1.9
[11:59:38] [modloading-worker-0/INFO] - travelanchors: 1.20.1-5.0.1
[11:59:38] [modloading-worker-0/INFO] - trenzalore: 3.3.10
[11:59:38] [modloading-worker-0/INFO] - voltaic: 1.20.1-1.0.0-9
[11:59:38] [modloading-worker-0/INFO] - xnet: 1.20-6.1.6
[11:59:38] [modloading-worker-0/INFO] - xnetgases: 5.1.4
[11:59:38] [modloading-worker-0/INFO] - xtonesreworked: 1.0.4
[11:59:38] [modloading-worker-0/INFO] - yeetusexperimentus: 2.3.1-build.6+mc1.20.1
[11:59:38] [modloading-worker-0/INFO] ========================================
[11:59:42] [modloading-worker-0/DEBUG] [REI] Added filtering rule [roughlyenoughitems:search]: INSTANCE
[11:59:42] [modloading-worker-0/DEBUG] [REI] Added filtering rule [roughlyenoughitems:manual]: INSTANCE
[11:59:42] [modloading-worker-0/DEBUG] [REI] Added filtering rule [roughlyenoughitems:basic]: INSTANCE
[11:59:44] [modloading-worker-0/INFO] [REI] Config loaded
[11:59:44] [modloading-worker-0/DEBUG] [REI] Config saved
[11:59:44] [modloading-worker-0/DEBUG] [REI] Config saved
[11:59:44] [modloading-worker-0/DEBUG] [REI] Config saved
[11:59:44] [modloading-worker-0/INFO] [REI] Registered plugin provider AE2 [ae2] for REIPlugin
[11:59:45] [modloading-worker-0/INFO] [REI] Registered plugin provider REIForgePluginStub [ftblibrary] for REIPlugin
[11:59:45] [modloading-worker-0/INFO] [REI] Registered plugin provider ReiPlugin [craftingstation] for REIPlugin
[11:59:45] [modloading-worker-0/INFO] [REI] Registered plugin provider ReiClientPlugin [craftingstation] for REIPlugin
[11:59:45] [modloading-worker-0/INFO] [REI] Registered plugin provider ReiIntegratedTerminalsConfig [integratedterminals, integratedterminalscompat] for REIPlugin
[11:59:45] [modloading-worker-0/INFO] [REI] Registered plugin provider REI Plugin Compatibilities Client Handler [rei_plugin_compatibilities, jei] for REIPlugin
[11:59:45] [modloading-worker-0/INFO] [REI] Registered plugin provider REIPluginImpl [ldlib] for REIPlugin
[11:59:45] [modloading-worker-0/INFO] [REI] Registered plugin provider FramedReiPlugin [framedblocks] for REIPlugin
[11:59:45] [modloading-worker-0/INFO] [REI] Registered plugin provider ExtendedAE [expatternprovider] for REIPlugin
[11:59:45] [modloading-worker-0/INFO] [REI] Registered plugin provider REIForgePluginStub [kubejs] for REIPlugin
[11:59:45] [modloading-worker-0/INFO] [REI] Registered plugin provider FTBQuestsREIIntegrationForge [ftbxmodcompat] for REIPlugin
[11:59:45] [modloading-worker-0/INFO] [REI] Registered plugin provider GTREIPlugin [gtceu] for REIPlugin
[11:59:45] [modloading-worker-0/INFO] [REI] Registered plugin provider ReiIntegratedDynamicsConfig [integrateddynamics, integrateddynamicscompat] for REIPlugin
[11:59:45] [modloading-worker-0/INFO] [REI] Registered plugin provider REI Plugin Compatibilities Adapter [rei_plugin_compatibilities, jei] for REIPlugin
[11:59:45] [modloading-worker-0/INFO] [REI] Registered plugin provider DefaultPluginImpl [roughlyenoughitems] for REIServerPlugin
[11:59:45] [modloading-worker-0/INFO] [REI] Registered plugin provider DefaultPluginImpl [roughlyenoughitems] for REIPlugin
[11:59:45] [modloading-worker-0/INFO] [REI] Registered plugin provider DefaultRuntimePlugin [roughlyenoughitems] for REIServerPlugin
[11:59:45] [modloading-worker-0/INFO] [REI] Registered plugin provider DefaultRuntimePlugin [roughlyenoughitems] for REIPlugin
[11:59:45] [modloading-worker-0/INFO] [REI] Registered plugin provider ReiPlugin [craftingstation] for REIServerPlugin
[11:59:45] [modloading-worker-0/INFO] [REI] Registered plugin provider REI Plugin Compatibilities Adapter [rei_plugin_compatibilities, jei] for REIServerPlugin
[11:59:45] [modloading-worker-0/INFO] [REI] Registered plugin provider DefaultClientPluginImpl [roughlyenoughitems] for REIClientPlugin
[11:59:45] [modloading-worker-0/INFO] [REI] Registered plugin provider DefaultClientPluginImpl [roughlyenoughitems] for REIPlugin
[11:59:45] [modloading-worker-0/INFO] [REI] Registered plugin provider DefaultClientRuntimePlugin [roughlyenoughitems] for REIClientPlugin
[11:59:45] [modloading-worker-0/INFO] [REI] Registered plugin provider DefaultClientRuntimePlugin [roughlyenoughitems] for REIPlugin
[11:59:45] [modloading-worker-0/DEBUG] [REI] Added filtering rule [roughlyenoughitems:hidden_from_recipe_viewers]: INSTANCE
[11:59:45] [modloading-worker-0/INFO] [REI] Registered plugin provider HideIngredientsFromTagsPlugin [roughlyenoughitems] for REIClientPlugin
[11:59:45] [modloading-worker-0/INFO] [REI] Registered plugin provider HideIngredientsFromTagsPlugin [roughlyenoughitems] for REIPlugin
[11:59:46] [modloading-worker-0/INFO] [REI] Registered plugin provider AE2 [ae2] for REIClientPlugin
[11:59:46] [modloading-worker-0/INFO] [REI] Registered plugin provider REIForgePluginStub [ftblibrary] for REIClientPlugin
[11:59:46] [modloading-worker-0/INFO] [REI] Registered plugin provider ReiClientPlugin [craftingstation] for REIClientPlugin
[11:59:46] [modloading-worker-0/INFO] [REI] Registered plugin provider ReiIntegratedTerminalsConfig [integratedterminals, integratedterminalscompat] for REIClientPlugin
[11:59:46] [modloading-worker-0/INFO] [REI] Registered plugin provider REI Plugin Compatibilities Client Handler [rei_plugin_compatibilities, jei] for REIClientPlugin
[11:59:46] [modloading-worker-0/INFO] [REI] Registered plugin provider REIPluginImpl [ldlib] for REIClientPlugin
[11:59:46] [modloading-worker-0/INFO] [REI] Registered plugin provider FramedReiPlugin [framedblocks] for REIClientPlugin
[11:59:46] [modloading-worker-0/INFO] [REI] Registered plugin provider ExtendedAE [expatternprovider] for REIClientPlugin
[11:59:46] [modloading-worker-0/INFO] [REI] Registered plugin provider REIForgePluginStub [kubejs] for REIClientPlugin
[11:59:46] [modloading-worker-0/INFO] [REI] Registered plugin provider FTBQuestsREIIntegrationForge [ftbxmodcompat] for REIClientPlugin
[11:59:46] [modloading-worker-0/INFO] [REI] Registered plugin provider GTREIPlugin [gtceu] for REIClientPlugin
[11:59:46] [modloading-worker-0/INFO] [REI] Registered plugin provider ReiIntegratedDynamicsConfig [integrateddynamics, integrateddynamicscompat] for REIClientPlugin
[11:59:46] [modloading-worker-0/INFO] [REI] Registered plugin provider REI Plugin Compatibilities Adapter [rei_plugin_compatibilities, jei] for REIClientPlugin
[12:00:54] [Render thread/DEBUG] [REI] Player quit, clearing reload tasks!
[12:00:54] [Render thread/DEBUG] [REI] Did not fulfill the request of termination of REI reload tasks because there are no uninterrupted running tasks. This is not an error.
